[transformers] `torch_dtype` is deprecated! Use `dtype` instead!
Loaded 3 encoder/decoder row pairs from L7
Loaded 4 encoder/decoder row pairs from L22
Loading model google/gemma-3-4b-it

Loading weights:   0%|          | 0/883 [00:00<?, ?it/s]
Loading weights:   0%|          | 1/883 [00:02<38:01,  2.59s/it]
Loading weights:   0%|          | 4/883 [00:02<07:45,  1.89it/s]
Loading weights:   1%|          | 6/883 [00:02<04:56,  2.96it/s]
Loading weights:   2%|▏         | 17/883 [00:03<01:14, 11.60it/s]
Loading weights:   2%|▏         | 21/883 [00:03<01:01, 14.07it/s]
Loading weights:   3%|▎         | 29/883 [00:03<00:43, 19.81it/s]
Loading weights:   4%|▎         | 33/883 [00:03<00:46, 18.46it/s]
Loading weights:   4%|▍         | 37/883 [00:03<00:42, 20.09it/s]
Loading weights:   5%|▍         | 43/883 [00:04<00:43, 19.29it/s]
Loading weights:   6%|▌         | 55/883 [00:04<00:27, 30.65it/s]
Loading weights:   7%|▋         | 60/883 [00:04<00:29, 28.16it/s]
Loading weights:   8%|▊         | 69/883 [00:04<00:22, 35.96it/s]
Loading weights:   8%|▊         | 74/883 [00:04<00:22, 35.86it/s]
Loading weights:   9%|▉         | 79/883 [00:04<00:23, 33.89it/s]
Loading weights:   9%|▉         | 83/883 [00:05<00:46, 17.14it/s]
Loading weights:  11%|█         | 93/883 [00:05<00:29, 26.62it/s]
Loading weights:  11%|█         | 98/883 [00:05<00:31, 25.25it/s]
Loading weights:  12%|█▏        | 104/883 [00:06<00:26, 29.48it/s]
Loading weights:  12%|█▏        | 109/883 [00:06<00:34, 22.49it/s]
Loading weights:  14%|█▎        | 120/883 [00:06<00:24, 31.42it/s]
Loading weights:  14%|█▍        | 125/883 [00:07<00:33, 22.63it/s]
Loading weights:  15%|█▌        | 133/883 [00:07<00:29, 25.77it/s]
Loading weights:  16%|█▌        | 137/883 [00:07<00:30, 24.07it/s]
Loading weights:  16%|█▋        | 144/883 [00:07<00:24, 30.32it/s]
Loading weights:  17%|█▋        | 148/883 [00:08<00:36, 19.89it/s]
Loading weights:  18%|█▊        | 160/883 [00:08<00:31, 23.02it/s]
Loading weights:  19%|█▉        | 172/883 [00:08<00:22, 31.08it/s]
Loading weights:  20%|██        | 177/883 [00:08<00:23, 29.50it/s]
Loading weights:  21%|██        | 183/883 [00:08<00:20, 33.54it/s]
Loading weights:  21%|██▏       | 188/883 [00:09<00:23, 29.82it/s]
Loading weights:  22%|██▏       | 198/883 [00:09<00:19, 35.37it/s]
Loading weights:  23%|██▎       | 202/883 [00:09<00:27, 25.18it/s]
Loading weights:  24%|██▍       | 211/883 [00:10<00:22, 29.51it/s]
Loading weights:  24%|██▍       | 215/883 [00:10<00:25, 26.53it/s]
Loading weights:  25%|██▌       | 224/883 [00:10<00:22, 28.75it/s]
Loading weights:  26%|██▌       | 228/883 [00:10<00:24, 26.21it/s]
Loading weights:  27%|██▋       | 237/883 [00:11<00:27, 23.10it/s]
Loading weights:  27%|██▋       | 240/883 [00:11<00:32, 20.05it/s]
Loading weights:  28%|██▊       | 250/883 [00:11<00:29, 21.51it/s]
Loading weights:  29%|██▊       | 253/883 [00:12<00:32, 19.69it/s]
Loading weights:  30%|██▉       | 263/883 [00:12<00:23, 26.12it/s]
Loading weights:  30%|███       | 266/883 [00:12<00:27, 22.20it/s]
Loading weights:  31%|███       | 273/883 [00:12<00:22, 27.22it/s]
Loading weights:  31%|███▏      | 277/883 [00:13<00:29, 20.48it/s]
Loading weights:  32%|███▏      | 280/883 [00:13<00:30, 19.63it/s]
Loading weights:  33%|███▎      | 287/883 [00:13<00:22, 26.61it/s]
Loading weights:  33%|███▎      | 291/883 [00:14<00:47, 12.36it/s]
Loading weights:  34%|███▍      | 299/883 [00:14<00:34, 17.11it/s]
Loading weights:  34%|███▍      | 302/883 [00:15<00:50, 11.57it/s]
Loading weights:  35%|███▍      | 305/883 [00:15<00:53, 10.75it/s]
Loading weights:  35%|███▌      | 312/883 [00:15<00:35, 15.86it/s]
Loading weights:  36%|███▌      | 315/883 [00:15<00:35, 15.99it/s]
Loading weights:  36%|███▌      | 318/883 [00:15<00:35, 15.72it/s]
Loading weights:  37%|███▋      | 325/883 [00:16<00:26, 21.35it/s]
Loading weights:  37%|███▋      | 328/883 [00:16<00:29, 18.53it/s]
Loading weights:  37%|███▋      | 331/883 [00:16<00:29, 18.70it/s]
Loading weights:  38%|███▊      | 338/883 [00:16<00:20, 26.69it/s]
Loading weights:  39%|███▊      | 342/883 [00:16<00:27, 19.65it/s]
Loading weights:  39%|███▉      | 345/883 [00:17<00:26, 20.13it/s]
Loading weights:  40%|███▉      | 350/883 [00:17<00:21, 24.79it/s]
Loading weights:  40%|████      | 354/883 [00:17<00:21, 24.73it/s]
Loading weights:  40%|████      | 357/883 [00:17<00:25, 20.37it/s]
Loading weights:  41%|████      | 363/883 [00:17<00:18, 27.55it/s]
Loading weights:  42%|████▏     | 367/883 [00:18<00:24, 20.95it/s]
Loading weights:  42%|████▏     | 370/883 [00:18<00:32, 16.02it/s]
Loading weights:  43%|████▎     | 378/883 [00:18<00:26, 19.32it/s]
Loading weights:  43%|████▎     | 381/883 [00:18<00:25, 19.34it/s]
Loading weights:  44%|████▎     | 386/883 [00:18<00:20, 23.99it/s]
Loading weights:  45%|████▍     | 393/883 [00:19<00:17, 27.31it/s]
Loading weights:  45%|████▍     | 397/883 [00:19<00:22, 21.21it/s]
Loading weights:  46%|████▌     | 406/883 [00:19<00:18, 25.84it/s]
Loading weights:  46%|████▋     | 409/883 [00:20<00:24, 19.25it/s]
Loading weights:  47%|████▋     | 416/883 [00:20<00:21, 22.13it/s]
Loading weights:  47%|████▋     | 419/883 [00:20<00:25, 18.41it/s]
Loading weights:  48%|████▊     | 422/883 [00:20<00:26, 17.44it/s]
Loading weights:  48%|████▊     | 426/883 [00:20<00:22, 20.30it/s]
Loading weights:  49%|████▉     | 432/883 [00:21<00:19, 22.86it/s]
Loading weights:  49%|████▉     | 435/883 [00:21<00:25, 17.38it/s]
Loading weights:  51%|█████     | 449/883 [00:21<00:13, 32.71it/s]
Loading weights:  52%|█████▏    | 455/883 [00:21<00:12, 35.53it/s]
Loading weights:  53%|█████▎    | 469/883 [00:21<00:07, 53.35it/s]
Loading weights:  54%|█████▍    | 480/883 [00:21<00:06, 63.60it/s]
Loading weights:  55%|█████▌    | 488/883 [00:22<00:05, 66.75it/s]
Loading weights:  56%|█████▌    | 496/883 [00:22<00:06, 63.30it/s]
Loading weights:  57%|█████▋    | 505/883 [00:22<00:05, 63.30it/s]
Loading weights:  59%|█████▉    | 519/883 [00:22<00:04, 80.68it/s]
Loading weights:  60%|██████    | 533/883 [00:22<00:03, 95.36it/s]
Loading weights:  62%|██████▏   | 544/883 [00:22<00:03, 86.92it/s]
Loading weights:  63%|██████▎   | 554/883 [00:22<00:04, 70.70it/s]
Loading weights:  64%|██████▍   | 565/883 [00:23<00:04, 66.62it/s]
Loading weights:  65%|██████▍   | 573/883 [00:23<00:04, 66.40it/s]
Loading weights:  66%|██████▌   | 583/883 [00:23<00:04, 70.18it/s]
Loading weights:  67%|██████▋   | 593/883 [00:23<00:03, 76.24it/s]
Loading weights:  68%|██████▊   | 602/883 [00:23<00:04, 67.95it/s]
Loading weights:  70%|██████▉   | 617/883 [00:23<00:03, 79.41it/s]
Loading weights:  72%|███████▏  | 632/883 [00:23<00:02, 95.38it/s]
Loading weights:  73%|███████▎  | 644/883 [00:23<00:02, 100.84it/s]
Loading weights:  74%|███████▍  | 655/883 [00:24<00:02, 97.78it/s]
Loading weights:  75%|███████▌  | 666/883 [00:24<00:02, 93.10it/s]
Loading weights:  77%|███████▋  | 678/883 [00:24<00:02, 94.38it/s]
Loading weights:  78%|███████▊  | 688/883 [00:24<00:02, 92.79it/s]
Loading weights:  79%|███████▉  | 698/883 [00:24<00:02, 76.50it/s]
Loading weights:  80%|████████  | 707/883 [00:24<00:02, 78.78it/s]
Loading weights:  81%|████████  | 716/883 [00:24<00:02, 62.78it/s]
Loading weights:  82%|████████▏ | 726/883 [00:25<00:02, 59.37it/s]
Loading weights:  83%|████████▎ | 733/883 [00:25<00:02, 59.52it/s]
Loading weights:  84%|████████▍ | 743/883 [00:25<00:02, 65.86it/s]
Loading weights:  85%|████████▍ | 750/883 [00:25<00:02, 63.32it/s]
Loading weights:  86%|████████▌ | 757/883 [00:25<00:02, 60.23it/s]
Loading weights:  87%|████████▋ | 764/883 [00:25<00:01, 61.76it/s]
Loading weights:  87%|████████▋ | 771/883 [00:25<00:01, 62.75it/s]
Loading weights:  88%|████████▊ | 778/883 [00:26<00:02, 49.57it/s]
Loading weights:  89%|████████▉ | 784/883 [00:26<00:01, 50.60it/s]
Loading weights:  90%|█████████ | 795/883 [00:26<00:01, 64.04it/s]
Loading weights:  91%|█████████ | 805/883 [00:26<00:01, 66.39it/s]
Loading weights:  93%|█████████▎| 823/883 [00:26<00:00, 93.08it/s]
Loading weights:  94%|█████████▍| 834/883 [00:26<00:00, 95.46it/s]
Loading weights:  96%|█████████▌| 845/883 [00:26<00:00, 92.23it/s]
Loading weights:  97%|█████████▋| 855/883 [00:26<00:00, 83.78it/s]
Loading weights:  98%|█████████▊| 869/883 [00:27<00:00, 94.92it/s]
Loading weights: 100%|█████████▉| 881/883 [00:27<00:00, 100.21it/s]
Loading weights: 100%|██████████| 883/883 [00:27<00:00, 32.55it/s]
Warning: You are sending unauthenticated requests to the HF Hub. Please set a HF_TOKEN to enable higher rate limits and faster downloads.
Running clean
Running L7_only
Running L22_only
Running L7_L22
Clean output: P(Six)=0.000011% P(Eight)=99.998248%
Full edit output: P(Six)=95.222110% P(Eight)=4.740829%
Saved results to results/sae_jlens_before_after_eager_top5
