Selected 17 spider instances across L22-L27; loading saved ant candidates for calibration.
Loaded 2 encoder/decoder row pairs from L23
Loaded 2 encoder/decoder row pairs from L24
Loaded 2 encoder/decoder row pairs from L26
Loaded 3 encoder/decoder row pairs from L25
Loaded 4 encoder/decoder row pairs from L22
Loaded 6 encoder/decoder row pairs from L27
Loading Gemma-3-4B-IT in bfloat16...

Fetching 2 files:   0%|          | 0/2 [00:00<?, ?it/s]
Fetching 2 files:  50%|█████     | 1/2 [00:14<00:14, 14.65s/it]
Fetching 2 files: 100%|██████████| 2/2 [00:16<00:00,  7.27s/it]
Fetching 2 files: 100%|██████████| 2/2 [00:16<00:00,  8.38s/it]

Loading weights:   0%|          | 0/883 [00:00<?, ?it/s]
Loading weights:   1%|          | 8/883 [00:00<00:10, 79.90it/s]
Loading weights:   4%|▎         | 31/883 [00:00<00:05, 165.61it/s]
Loading weights:   6%|▋         | 56/883 [00:00<00:04, 195.79it/s]
Loading weights:   9%|▉         | 81/883 [00:00<00:03, 210.36it/s]
Loading weights:  12%|█▏        | 102/883 [00:00<00:03, 206.61it/s]
Loading weights:  14%|█▍        | 123/883 [00:00<00:03, 196.55it/s]
Loading weights:  17%|█▋        | 147/883 [00:00<00:03, 203.46it/s]
Loading weights:  19%|█▉        | 172/883 [00:00<00:03, 209.49it/s]
Loading weights:  22%|██▏       | 193/883 [00:00<00:03, 204.75it/s]
Loading weights:  24%|██▍       | 214/883 [00:01<00:03, 197.93it/s]
Loading weights:  27%|██▋       | 238/883 [00:01<00:03, 209.39it/s]
Loading weights:  30%|██▉       | 262/883 [00:01<00:02, 211.47it/s]
Loading weights:  32%|███▏      | 284/883 [00:01<00:02, 210.60it/s]
Loading weights:  35%|███▍      | 306/883 [00:01<00:02, 199.23it/s]
Loading weights:  37%|███▋      | 328/883 [00:01<00:02, 202.09it/s]
Loading weights:  40%|████      | 354/883 [00:01<00:02, 211.61it/s]
Loading weights:  43%|████▎     | 376/883 [00:01<00:02, 210.83it/s]
Loading weights:  45%|████▌     | 398/883 [00:01<00:02, 205.23it/s]
Loading weights:  48%|████▊     | 420/883 [00:02<00:02, 205.21it/s]
Loading weights:  51%|█████     | 449/883 [00:02<00:01, 229.04it/s]
Loading weights:  70%|███████   | 620/883 [00:02<00:00, 653.34it/s]
Loading weights:  88%|████████▊ | 779/883 [00:02<00:00, 925.05it/s]
Loading weights: 100%|██████████| 883/883 [00:02<00:00, 360.84it/s]
Calibrated 3 ant instances in layers [22, 27]; other window layers receive spider suppression only.
Running cumulative window L22-L22...
         L22 spider=0.00 ant=0.00 P(Six)=0.0000% P(Eight)=99.9982% top=' Eight'
         L22 spider=0.00 ant=0.25 P(Six)=0.0000% P(Eight)=99.9978% top=' Eight'
         L22 spider=0.00 ant=0.50 P(Six)=0.0000% P(Eight)=99.9982% top=' Eight'
         L22 spider=0.00 ant=0.75 P(Six)=0.0000% P(Eight)=99.9986% top=' Eight'
         L22 spider=0.00 ant=1.00 P(Six)=0.0000% P(Eight)=99.9982% top=' Eight'
         L22 spider=0.00 ant=1.25 P(Six)=0.0000% P(Eight)=99.9977% top=' Eight'
         L22 spider=0.00 ant=1.50 P(Six)=0.0000% P(Eight)=99.9977% top=' Eight'
         L22 spider=0.00 ant=2.00 P(Six)=0.0000% P(Eight)=99.9983% top=' Eight'
         L22 spider=0.00 ant=3.00 P(Six)=0.0000% P(Eight)=99.9982% top=' Eight'
         L22 spider=0.20 ant=0.00 P(Six)=0.0000% P(Eight)=99.9986% top=' Eight'
         L22 spider=0.20 ant=0.25 P(Six)=0.0000% P(Eight)=99.9986% top=' Eight'
         L22 spider=0.20 ant=0.50 P(Six)=0.0000% P(Eight)=99.9986% top=' Eight'
         L22 spider=0.20 ant=0.75 P(Six)=0.0000% P(Eight)=99.9982% top=' Eight'
         L22 spider=0.20 ant=1.00 P(Six)=0.0000% P(Eight)=99.9989% top=' Eight'
         L22 spider=0.20 ant=1.25 P(Six)=0.0000% P(Eight)=99.9982% top=' Eight'
         L22 spider=0.20 ant=1.50 P(Six)=0.0000% P(Eight)=99.9986% top=' Eight'
         L22 spider=0.20 ant=2.00 P(Six)=0.0000% P(Eight)=99.9982% top=' Eight'
         L22 spider=0.20 ant=3.00 P(Six)=0.0000% P(Eight)=99.9982% top=' Eight'
         L22 spider=0.40 ant=0.00 P(Six)=0.0000% P(Eight)=99.9991% top=' Eight'
         L22 spider=0.40 ant=0.25 P(Six)=0.0000% P(Eight)=99.9991% top=' Eight'
         L22 spider=0.40 ant=0.50 P(Six)=0.0000% P(Eight)=99.9991% top=' Eight'
         L22 spider=0.40 ant=0.75 P(Six)=0.0000% P(Eight)=99.9989% top=' Eight'
         L22 spider=0.40 ant=1.00 P(Six)=0.0000% P(Eight)=99.9991% top=' Eight'
         L22 spider=0.40 ant=1.25 P(Six)=0.0000% P(Eight)=99.9991% top=' Eight'
         L22 spider=0.40 ant=1.50 P(Six)=0.0000% P(Eight)=99.9989% top=' Eight'
         L22 spider=0.40 ant=2.00 P(Six)=0.0001% P(Eight)=99.9986% top=' Eight'
         L22 spider=0.40 ant=3.00 P(Six)=0.0001% P(Eight)=99.9989% top=' Eight'
         L22 spider=0.60 ant=0.00 P(Six)=0.0000% P(Eight)=99.9994% top=' Eight'
         L22 spider=0.60 ant=0.25 P(Six)=0.0000% P(Eight)=99.9991% top=' Eight'
         L22 spider=0.60 ant=0.50 P(Six)=0.0000% P(Eight)=99.9993% top=' Eight'
         L22 spider=0.60 ant=0.75 P(Six)=0.0000% P(Eight)=99.9993% top=' Eight'
         L22 spider=0.60 ant=1.00 P(Six)=0.0000% P(Eight)=99.9994% top=' Eight'
         L22 spider=0.60 ant=1.25 P(Six)=0.0001% P(Eight)=99.9988% top=' Eight'
         L22 spider=0.60 ant=1.50 P(Six)=0.0001% P(Eight)=99.9993% top=' Eight'
         L22 spider=0.60 ant=2.00 P(Six)=0.0001% P(Eight)=99.9988% top=' Eight'
         L22 spider=0.60 ant=3.00 P(Six)=0.0001% P(Eight)=99.9991% top=' Eight'
         L22 spider=0.80 ant=0.00 P(Six)=0.0001% P(Eight)=99.9994% top=' Eight'
         L22 spider=0.80 ant=0.25 P(Six)=0.0001% P(Eight)=99.9992% top=' Eight'
         L22 spider=0.80 ant=0.50 P(Six)=0.0001% P(Eight)=99.9994% top=' Eight'
         L22 spider=0.80 ant=0.75 P(Six)=0.0001% P(Eight)=99.9993% top=' Eight'
         L22 spider=0.80 ant=1.00 P(Six)=0.0001% P(Eight)=99.9992% top=' Eight'
         L22 spider=0.80 ant=1.25 P(Six)=0.0001% P(Eight)=99.9992% top=' Eight'
         L22 spider=0.80 ant=1.50 P(Six)=0.0002% P(Eight)=99.9991% top=' Eight'
         L22 spider=0.80 ant=2.00 P(Six)=0.0003% P(Eight)=99.9992% top=' Eight'
         L22 spider=0.80 ant=3.00 P(Six)=0.0004% P(Eight)=99.9988% top=' Eight'
         L22 spider=1.00 ant=0.00 P(Six)=0.0003% P(Eight)=99.9990% top=' Eight'
         L22 spider=1.00 ant=0.25 P(Six)=0.0003% P(Eight)=99.9990% top=' Eight'
         L22 spider=1.00 ant=0.50 P(Six)=0.0003% P(Eight)=99.9989% top=' Eight'
         L22 spider=1.00 ant=0.75 P(Six)=0.0005% P(Eight)=99.9987% top=' Eight'
         L22 spider=1.00 ant=1.00 P(Six)=0.0005% P(Eight)=99.9989% top=' Eight'
         L22 spider=1.00 ant=1.25 P(Six)=0.0005% P(Eight)=99.9989% top=' Eight'
         L22 spider=1.00 ant=1.50 P(Six)=0.0010% P(Eight)=99.9981% top=' Eight'
         L22 spider=1.00 ant=2.00 P(Six)=0.0013% P(Eight)=99.9980% top=' Eight'
         L22 spider=1.00 ant=3.00 P(Six)=0.0017% P(Eight)=99.9973% top=' Eight'
Running cumulative window L22-L23...
     L22+L23 spider=0.00 ant=0.00 P(Six)=0.0000% P(Eight)=99.9982% top=' Eight'
     L22+L23 spider=0.00 ant=0.25 P(Six)=0.0000% P(Eight)=99.9986% top=' Eight'
     L22+L23 spider=0.00 ant=0.50 P(Six)=0.0000% P(Eight)=99.9986% top=' Eight'
     L22+L23 spider=0.00 ant=0.75 P(Six)=0.0000% P(Eight)=99.9982% top=' Eight'
     L22+L23 spider=0.00 ant=1.00 P(Six)=0.0000% P(Eight)=99.9977% top=' Eight'
     L22+L23 spider=0.00 ant=1.25 P(Six)=0.0000% P(Eight)=99.9982% top=' Eight'
     L22+L23 spider=0.00 ant=1.50 P(Six)=0.0000% P(Eight)=99.9978% top=' Eight'
     L22+L23 spider=0.00 ant=2.00 P(Six)=0.0000% P(Eight)=99.9982% top=' Eight'
     L22+L23 spider=0.00 ant=3.00 P(Six)=0.0000% P(Eight)=99.9982% top=' Eight'
     L22+L23 spider=0.20 ant=0.00 P(Six)=0.0000% P(Eight)=99.9986% top=' Eight'
     L22+L23 spider=0.20 ant=0.25 P(Six)=0.0000% P(Eight)=99.9989% top=' Eight'
     L22+L23 spider=0.20 ant=0.50 P(Six)=0.0000% P(Eight)=99.9982% top=' Eight'
     L22+L23 spider=0.20 ant=0.75 P(Six)=0.0000% P(Eight)=99.9986% top=' Eight'
     L22+L23 spider=0.20 ant=1.00 P(Six)=0.0000% P(Eight)=99.9989% top=' Eight'
     L22+L23 spider=0.20 ant=1.25 P(Six)=0.0000% P(Eight)=99.9986% top=' Eight'
     L22+L23 spider=0.20 ant=1.50 P(Six)=0.0000% P(Eight)=99.9982% top=' Eight'
     L22+L23 spider=0.20 ant=2.00 P(Six)=0.0000% P(Eight)=99.9986% top=' Eight'
     L22+L23 spider=0.20 ant=3.00 P(Six)=0.0000% P(Eight)=99.9982% top=' Eight'
     L22+L23 spider=0.40 ant=0.00 P(Six)=0.0000% P(Eight)=99.9991% top=' Eight'
     L22+L23 spider=0.40 ant=0.25 P(Six)=0.0000% P(Eight)=99.9989% top=' Eight'
     L22+L23 spider=0.40 ant=0.50 P(Six)=0.0000% P(Eight)=99.9991% top=' Eight'
     L22+L23 spider=0.40 ant=0.75 P(Six)=0.0000% P(Eight)=99.9989% top=' Eight'
     L22+L23 spider=0.40 ant=1.00 P(Six)=0.0000% P(Eight)=99.9991% top=' Eight'
     L22+L23 spider=0.40 ant=1.25 P(Six)=0.0000% P(Eight)=99.9991% top=' Eight'
     L22+L23 spider=0.40 ant=1.50 P(Six)=0.0000% P(Eight)=99.9989% top=' Eight'
     L22+L23 spider=0.40 ant=2.00 P(Six)=0.0001% P(Eight)=99.9989% top=' Eight'
     L22+L23 spider=0.40 ant=3.00 P(Six)=0.0001% P(Eight)=99.9986% top=' Eight'
     L22+L23 spider=0.60 ant=0.00 P(Six)=0.0000% P(Eight)=99.9995% top=' Eight'
     L22+L23 spider=0.60 ant=0.25 P(Six)=0.0000% P(Eight)=99.9993% top=' Eight'
     L22+L23 spider=0.60 ant=0.50 P(Six)=0.0000% P(Eight)=99.9993% top=' Eight'
     L22+L23 spider=0.60 ant=0.75 P(Six)=0.0001% P(Eight)=99.9991% top=' Eight'
     L22+L23 spider=0.60 ant=1.00 P(Six)=0.0000% P(Eight)=99.9993% top=' Eight'
     L22+L23 spider=0.60 ant=1.25 P(Six)=0.0001% P(Eight)=99.9993% top=' Eight'
     L22+L23 spider=0.60 ant=1.50 P(Six)=0.0001% P(Eight)=99.9991% top=' Eight'
     L22+L23 spider=0.60 ant=2.00 P(Six)=0.0001% P(Eight)=99.9991% top=' Eight'
     L22+L23 spider=0.60 ant=3.00 P(Six)=0.0001% P(Eight)=99.9988% top=' Eight'
     L22+L23 spider=0.80 ant=0.00 P(Six)=0.0001% P(Eight)=99.9992% top=' Eight'
     L22+L23 spider=0.80 ant=0.25 P(Six)=0.0001% P(Eight)=99.9994% top=' Eight'
     L22+L23 spider=0.80 ant=0.50 P(Six)=0.0001% P(Eight)=99.9994% top=' Eight'
     L22+L23 spider=0.80 ant=0.75 P(Six)=0.0001% P(Eight)=99.9994% top=' Eight'
     L22+L23 spider=0.80 ant=1.00 P(Six)=0.0001% P(Eight)=99.9994% top=' Eight'
     L22+L23 spider=0.80 ant=1.25 P(Six)=0.0001% P(Eight)=99.9993% top=' Eight'
     L22+L23 spider=0.80 ant=1.50 P(Six)=0.0002% P(Eight)=99.9991% top=' Eight'
     L22+L23 spider=0.80 ant=2.00 P(Six)=0.0003% P(Eight)=99.9989% top=' Eight'
     L22+L23 spider=0.80 ant=3.00 P(Six)=0.0005% P(Eight)=99.9985% top=' Eight'
     L22+L23 spider=1.00 ant=0.00 P(Six)=0.0003% P(Eight)=99.9989% top=' Eight'
     L22+L23 spider=1.00 ant=0.25 P(Six)=0.0002% P(Eight)=99.9991% top=' Eight'
     L22+L23 spider=1.00 ant=0.50 P(Six)=0.0004% P(Eight)=99.9990% top=' Eight'
     L22+L23 spider=1.00 ant=0.75 P(Six)=0.0004% P(Eight)=99.9988% top=' Eight'
     L22+L23 spider=1.00 ant=1.00 P(Six)=0.0005% P(Eight)=99.9988% top=' Eight'
     L22+L23 spider=1.00 ant=1.25 P(Six)=0.0006% P(Eight)=99.9985% top=' Eight'
     L22+L23 spider=1.00 ant=1.50 P(Six)=0.0008% P(Eight)=99.9985% top=' Eight'
     L22+L23 spider=1.00 ant=2.00 P(Six)=0.0017% P(Eight)=99.9973% top=' Eight'
     L22+L23 spider=1.00 ant=3.00 P(Six)=0.0028% P(Eight)=99.9962% top=' Eight'
Running cumulative window L22-L24...
 L22+L23+L24 spider=0.00 ant=0.00 P(Six)=0.0000% P(Eight)=99.9982% top=' Eight'
 L22+L23+L24 spider=0.00 ant=0.25 P(Six)=0.0000% P(Eight)=99.9982% top=' Eight'
 L22+L23+L24 spider=0.00 ant=0.50 P(Six)=0.0000% P(Eight)=99.9986% top=' Eight'
 L22+L23+L24 spider=0.00 ant=0.75 P(Six)=0.0000% P(Eight)=99.9982% top=' Eight'
 L22+L23+L24 spider=0.00 ant=1.00 P(Six)=0.0000% P(Eight)=99.9978% top=' Eight'
 L22+L23+L24 spider=0.00 ant=1.25 P(Six)=0.0000% P(Eight)=99.9982% top=' Eight'
 L22+L23+L24 spider=0.00 ant=1.50 P(Six)=0.0000% P(Eight)=99.9971% top=' Eight'
 L22+L23+L24 spider=0.00 ant=2.00 P(Six)=0.0000% P(Eight)=99.9977% top=' Eight'
 L22+L23+L24 spider=0.00 ant=3.00 P(Six)=0.0000% P(Eight)=99.9977% top=' Eight'
 L22+L23+L24 spider=0.20 ant=0.00 P(Six)=0.0000% P(Eight)=99.9989% top=' Eight'
 L22+L23+L24 spider=0.20 ant=0.25 P(Six)=0.0000% P(Eight)=99.9989% top=' Eight'
 L22+L23+L24 spider=0.20 ant=0.50 P(Six)=0.0000% P(Eight)=99.9986% top=' Eight'
 L22+L23+L24 spider=0.20 ant=0.75 P(Six)=0.0000% P(Eight)=99.9986% top=' Eight'
 L22+L23+L24 spider=0.20 ant=1.00 P(Six)=0.0000% P(Eight)=99.9982% top=' Eight'
 L22+L23+L24 spider=0.20 ant=1.25 P(Six)=0.0000% P(Eight)=99.9986% top=' Eight'
 L22+L23+L24 spider=0.20 ant=1.50 P(Six)=0.0000% P(Eight)=99.9982% top=' Eight'
 L22+L23+L24 spider=0.20 ant=2.00 P(Six)=0.0000% P(Eight)=99.9986% top=' Eight'
 L22+L23+L24 spider=0.20 ant=3.00 P(Six)=0.0000% P(Eight)=99.9982% top=' Eight'
 L22+L23+L24 spider=0.40 ant=0.00 P(Six)=0.0000% P(Eight)=99.9989% top=' Eight'
 L22+L23+L24 spider=0.40 ant=0.25 P(Six)=0.0000% P(Eight)=99.9989% top=' Eight'
 L22+L23+L24 spider=0.40 ant=0.50 P(Six)=0.0000% P(Eight)=99.9989% top=' Eight'
 L22+L23+L24 spider=0.40 ant=0.75 P(Six)=0.0000% P(Eight)=99.9989% top=' Eight'
 L22+L23+L24 spider=0.40 ant=1.00 P(Six)=0.0000% P(Eight)=99.9991% top=' Eight'
 L22+L23+L24 spider=0.40 ant=1.25 P(Six)=0.0000% P(Eight)=99.9991% top=' Eight'
 L22+L23+L24 spider=0.40 ant=1.50 P(Six)=0.0000% P(Eight)=99.9989% top=' Eight'
 L22+L23+L24 spider=0.40 ant=2.00 P(Six)=0.0001% P(Eight)=99.9982% top=' Eight'
 L22+L23+L24 spider=0.40 ant=3.00 P(Six)=0.0001% P(Eight)=99.9986% top=' Eight'
 L22+L23+L24 spider=0.60 ant=0.00 P(Six)=0.0000% P(Eight)=99.9995% top=' Eight'
 L22+L23+L24 spider=0.60 ant=0.25 P(Six)=0.0000% P(Eight)=99.9993% top=' Eight'
 L22+L23+L24 spider=0.60 ant=0.50 P(Six)=0.0000% P(Eight)=99.9995% top=' Eight'
 L22+L23+L24 spider=0.60 ant=0.75 P(Six)=0.0001% P(Eight)=99.9991% top=' Eight'
 L22+L23+L24 spider=0.60 ant=1.00 P(Six)=0.0000% P(Eight)=99.9993% top=' Eight'
 L22+L23+L24 spider=0.60 ant=1.25 P(Six)=0.0001% P(Eight)=99.9993% top=' Eight'
 L22+L23+L24 spider=0.60 ant=1.50 P(Six)=0.0001% P(Eight)=99.9991% top=' Eight'
 L22+L23+L24 spider=0.60 ant=2.00 P(Six)=0.0001% P(Eight)=99.9993% top=' Eight'
 L22+L23+L24 spider=0.60 ant=3.00 P(Six)=0.0001% P(Eight)=99.9985% top=' Eight'
 L22+L23+L24 spider=0.80 ant=0.00 P(Six)=0.0001% P(Eight)=99.9995% top=' Eight'
 L22+L23+L24 spider=0.80 ant=0.25 P(Six)=0.0001% P(Eight)=99.9992% top=' Eight'
 L22+L23+L24 spider=0.80 ant=0.50 P(Six)=0.0001% P(Eight)=99.9992% top=' Eight'
 L22+L23+L24 spider=0.80 ant=0.75 P(Six)=0.0001% P(Eight)=99.9992% top=' Eight'
 L22+L23+L24 spider=0.80 ant=1.00 P(Six)=0.0001% P(Eight)=99.9992% top=' Eight'
 L22+L23+L24 spider=0.80 ant=1.25 P(Six)=0.0001% P(Eight)=99.9992% top=' Eight'
 L22+L23+L24 spider=0.80 ant=1.50 P(Six)=0.0002% P(Eight)=99.9991% top=' Eight'
 L22+L23+L24 spider=0.80 ant=2.00 P(Six)=0.0003% P(Eight)=99.9990% top=' Eight'
 L22+L23+L24 spider=0.80 ant=3.00 P(Six)=0.0005% P(Eight)=99.9985% top=' Eight'
 L22+L23+L24 spider=1.00 ant=0.00 P(Six)=0.0004% P(Eight)=99.9988% top=' Eight'
 L22+L23+L24 spider=1.00 ant=0.25 P(Six)=0.0004% P(Eight)=99.9990% top=' Eight'
 L22+L23+L24 spider=1.00 ant=0.50 P(Six)=0.0005% P(Eight)=99.9987% top=' Eight'
 L22+L23+L24 spider=1.00 ant=0.75 P(Six)=0.0004% P(Eight)=99.9990% top=' Eight'
 L22+L23+L24 spider=1.00 ant=1.00 P(Six)=0.0005% P(Eight)=99.9988% top=' Eight'
 L22+L23+L24 spider=1.00 ant=1.25 P(Six)=0.0008% P(Eight)=99.9984% top=' Eight'
 L22+L23+L24 spider=1.00 ant=1.50 P(Six)=0.0013% P(Eight)=99.9976% top=' Eight'
 L22+L23+L24 spider=1.00 ant=2.00 P(Six)=0.0013% P(Eight)=99.9979% top=' Eight'
 L22+L23+L24 spider=1.00 ant=3.00 P(Six)=0.0021% P(Eight)=99.9968% top=' Eight'
Running cumulative window L22-L25...
L22+L23+L24+L25 spider=0.00 ant=0.00 P(Six)=0.0000% P(Eight)=99.9982% top=' Eight'
L22+L23+L24+L25 spider=0.00 ant=0.25 P(Six)=0.0000% P(Eight)=99.9982% top=' Eight'
L22+L23+L24+L25 spider=0.00 ant=0.50 P(Six)=0.0000% P(Eight)=99.9982% top=' Eight'
L22+L23+L24+L25 spider=0.00 ant=0.75 P(Six)=0.0000% P(Eight)=99.9982% top=' Eight'
L22+L23+L24+L25 spider=0.00 ant=1.00 P(Six)=0.0000% P(Eight)=99.9982% top=' Eight'
L22+L23+L24+L25 spider=0.00 ant=1.25 P(Six)=0.0000% P(Eight)=99.9982% top=' Eight'
L22+L23+L24+L25 spider=0.00 ant=1.50 P(Six)=0.0000% P(Eight)=99.9978% top=' Eight'
L22+L23+L24+L25 spider=0.00 ant=2.00 P(Six)=0.0000% P(Eight)=99.9982% top=' Eight'
L22+L23+L24+L25 spider=0.00 ant=3.00 P(Six)=0.0000% P(Eight)=99.9971% top=' Eight'
L22+L23+L24+L25 spider=0.20 ant=0.00 P(Six)=0.0000% P(Eight)=99.9986% top=' Eight'
L22+L23+L24+L25 spider=0.20 ant=0.25 P(Six)=0.0000% P(Eight)=99.9986% top=' Eight'
L22+L23+L24+L25 spider=0.20 ant=0.50 P(Six)=0.0000% P(Eight)=99.9986% top=' Eight'
L22+L23+L24+L25 spider=0.20 ant=0.75 P(Six)=0.0000% P(Eight)=99.9989% top=' Eight'
L22+L23+L24+L25 spider=0.20 ant=1.00 P(Six)=0.0000% P(Eight)=99.9986% top=' Eight'
L22+L23+L24+L25 spider=0.20 ant=1.25 P(Six)=0.0000% P(Eight)=99.9989% top=' Eight'
L22+L23+L24+L25 spider=0.20 ant=1.50 P(Six)=0.0000% P(Eight)=99.9982% top=' Eight'
L22+L23+L24+L25 spider=0.20 ant=2.00 P(Six)=0.0000% P(Eight)=99.9986% top=' Eight'
L22+L23+L24+L25 spider=0.20 ant=3.00 P(Six)=0.0000% P(Eight)=99.9982% top=' Eight'
L22+L23+L24+L25 spider=0.40 ant=0.00 P(Six)=0.0000% P(Eight)=99.9991% top=' Eight'
L22+L23+L24+L25 spider=0.40 ant=0.25 P(Six)=0.0000% P(Eight)=99.9991% top=' Eight'
L22+L23+L24+L25 spider=0.40 ant=0.50 P(Six)=0.0000% P(Eight)=99.9989% top=' Eight'
L22+L23+L24+L25 spider=0.40 ant=0.75 P(Six)=0.0000% P(Eight)=99.9991% top=' Eight'
L22+L23+L24+L25 spider=0.40 ant=1.00 P(Six)=0.0000% P(Eight)=99.9993% top=' Eight'
L22+L23+L24+L25 spider=0.40 ant=1.25 P(Six)=0.0000% P(Eight)=99.9991% top=' Eight'
L22+L23+L24+L25 spider=0.40 ant=1.50 P(Six)=0.0000% P(Eight)=99.9986% top=' Eight'
L22+L23+L24+L25 spider=0.40 ant=2.00 P(Six)=0.0000% P(Eight)=99.9989% top=' Eight'
L22+L23+L24+L25 spider=0.40 ant=3.00 P(Six)=0.0001% P(Eight)=99.9982% top=' Eight'
L22+L23+L24+L25 spider=0.60 ant=0.00 P(Six)=0.0000% P(Eight)=99.9993% top=' Eight'
L22+L23+L24+L25 spider=0.60 ant=0.25 P(Six)=0.0000% P(Eight)=99.9993% top=' Eight'
L22+L23+L24+L25 spider=0.60 ant=0.50 P(Six)=0.0000% P(Eight)=99.9993% top=' Eight'
L22+L23+L24+L25 spider=0.60 ant=0.75 P(Six)=0.0001% P(Eight)=99.9992% top=' Eight'
L22+L23+L24+L25 spider=0.60 ant=1.00 P(Six)=0.0001% P(Eight)=99.9993% top=' Eight'
L22+L23+L24+L25 spider=0.60 ant=1.25 P(Six)=0.0001% P(Eight)=99.9993% top=' Eight'
L22+L23+L24+L25 spider=0.60 ant=1.50 P(Six)=0.0001% P(Eight)=99.9991% top=' Eight'
L22+L23+L24+L25 spider=0.60 ant=2.00 P(Six)=0.0001% P(Eight)=99.9992% top=' Eight'
L22+L23+L24+L25 spider=0.60 ant=3.00 P(Six)=0.0001% P(Eight)=99.9988% top=' Eight'
L22+L23+L24+L25 spider=0.80 ant=0.00 P(Six)=0.0001% P(Eight)=99.9995% top=' Eight'
L22+L23+L24+L25 spider=0.80 ant=0.25 P(Six)=0.0001% P(Eight)=99.9992% top=' Eight'
L22+L23+L24+L25 spider=0.80 ant=0.50 P(Six)=0.0001% P(Eight)=99.9993% top=' Eight'
L22+L23+L24+L25 spider=0.80 ant=0.75 P(Six)=0.0001% P(Eight)=99.9993% top=' Eight'
L22+L23+L24+L25 spider=0.80 ant=1.00 P(Six)=0.0002% P(Eight)=99.9991% top=' Eight'
L22+L23+L24+L25 spider=0.80 ant=1.25 P(Six)=0.0001% P(Eight)=99.9992% top=' Eight'
L22+L23+L24+L25 spider=0.80 ant=1.50 P(Six)=0.0002% P(Eight)=99.9993% top=' Eight'
L22+L23+L24+L25 spider=0.80 ant=2.00 P(Six)=0.0004% P(Eight)=99.9990% top=' Eight'
L22+L23+L24+L25 spider=0.80 ant=3.00 P(Six)=0.0005% P(Eight)=99.9987% top=' Eight'
L22+L23+L24+L25 spider=1.00 ant=0.00 P(Six)=0.0004% P(Eight)=99.9991% top=' Eight'
L22+L23+L24+L25 spider=1.00 ant=0.25 P(Six)=0.0005% P(Eight)=99.9989% top=' Eight'
L22+L23+L24+L25 spider=1.00 ant=0.50 P(Six)=0.0005% P(Eight)=99.9988% top=' Eight'
L22+L23+L24+L25 spider=1.00 ant=0.75 P(Six)=0.0006% P(Eight)=99.9987% top=' Eight'
L22+L23+L24+L25 spider=1.00 ant=1.00 P(Six)=0.0008% P(Eight)=99.9985% top=' Eight'
L22+L23+L24+L25 spider=1.00 ant=1.25 P(Six)=0.0010% P(Eight)=99.9983% top=' Eight'
L22+L23+L24+L25 spider=1.00 ant=1.50 P(Six)=0.0017% P(Eight)=99.9975% top=' Eight'
L22+L23+L24+L25 spider=1.00 ant=2.00 P(Six)=0.0017% P(Eight)=99.9977% top=' Eight'
L22+L23+L24+L25 spider=1.00 ant=3.00 P(Six)=0.0035% P(Eight)=99.9956% top=' Eight'
Running cumulative window L22-L26...
L22+L23+L24+L25+L26 spider=0.00 ant=0.00 P(Six)=0.0000% P(Eight)=99.9982% top=' Eight'
L22+L23+L24+L25+L26 spider=0.00 ant=0.25 P(Six)=0.0000% P(Eight)=99.9982% top=' Eight'
L22+L23+L24+L25+L26 spider=0.00 ant=0.50 P(Six)=0.0000% P(Eight)=99.9982% top=' Eight'
L22+L23+L24+L25+L26 spider=0.00 ant=0.75 P(Six)=0.0000% P(Eight)=99.9982% top=' Eight'
L22+L23+L24+L25+L26 spider=0.00 ant=1.00 P(Six)=0.0000% P(Eight)=99.9977% top=' Eight'
L22+L23+L24+L25+L26 spider=0.00 ant=1.25 P(Six)=0.0000% P(Eight)=99.9986% top=' Eight'
L22+L23+L24+L25+L26 spider=0.00 ant=1.50 P(Six)=0.0000% P(Eight)=99.9977% top=' Eight'
L22+L23+L24+L25+L26 spider=0.00 ant=2.00 P(Six)=0.0000% P(Eight)=99.9977% top=' Eight'
L22+L23+L24+L25+L26 spider=0.00 ant=3.00 P(Six)=0.0000% P(Eight)=99.9977% top=' Eight'
L22+L23+L24+L25+L26 spider=0.20 ant=0.00 P(Six)=0.0000% P(Eight)=99.9989% top=' Eight'
L22+L23+L24+L25+L26 spider=0.20 ant=0.25 P(Six)=0.0000% P(Eight)=99.9989% top=' Eight'
L22+L23+L24+L25+L26 spider=0.20 ant=0.50 P(Six)=0.0000% P(Eight)=99.9989% top=' Eight'
L22+L23+L24+L25+L26 spider=0.20 ant=0.75 P(Six)=0.0000% P(Eight)=99.9989% top=' Eight'
L22+L23+L24+L25+L26 spider=0.20 ant=1.00 P(Six)=0.0000% P(Eight)=99.9982% top=' Eight'
L22+L23+L24+L25+L26 spider=0.20 ant=1.25 P(Six)=0.0000% P(Eight)=99.9986% top=' Eight'
L22+L23+L24+L25+L26 spider=0.20 ant=1.50 P(Six)=0.0000% P(Eight)=99.9986% top=' Eight'
L22+L23+L24+L25+L26 spider=0.20 ant=2.00 P(Six)=0.0000% P(Eight)=99.9989% top=' Eight'
L22+L23+L24+L25+L26 spider=0.20 ant=3.00 P(Six)=0.0000% P(Eight)=99.9977% top=' Eight'
L22+L23+L24+L25+L26 spider=0.40 ant=0.00 P(Six)=0.0000% P(Eight)=99.9991% top=' Eight'
L22+L23+L24+L25+L26 spider=0.40 ant=0.25 P(Six)=0.0000% P(Eight)=99.9991% top=' Eight'
L22+L23+L24+L25+L26 spider=0.40 ant=0.50 P(Six)=0.0000% P(Eight)=99.9991% top=' Eight'
L22+L23+L24+L25+L26 spider=0.40 ant=0.75 P(Six)=0.0000% P(Eight)=99.9991% top=' Eight'
L22+L23+L24+L25+L26 spider=0.40 ant=1.00 P(Six)=0.0000% P(Eight)=99.9991% top=' Eight'
L22+L23+L24+L25+L26 spider=0.40 ant=1.25 P(Six)=0.0000% P(Eight)=99.9991% top=' Eight'
L22+L23+L24+L25+L26 spider=0.40 ant=1.50 P(Six)=0.0000% P(Eight)=99.9991% top=' Eight'
L22+L23+L24+L25+L26 spider=0.40 ant=2.00 P(Six)=0.0001% P(Eight)=99.9989% top=' Eight'
L22+L23+L24+L25+L26 spider=0.40 ant=3.00 P(Six)=0.0001% P(Eight)=99.9985% top=' Eight'
L22+L23+L24+L25+L26 spider=0.60 ant=0.00 P(Six)=0.0000% P(Eight)=99.9994% top=' Eight'
L22+L23+L24+L25+L26 spider=0.60 ant=0.25 P(Six)=0.0000% P(Eight)=99.9995% top=' Eight'
L22+L23+L24+L25+L26 spider=0.60 ant=0.50 P(Six)=0.0001% P(Eight)=99.9993% top=' Eight'
L22+L23+L24+L25+L26 spider=0.60 ant=0.75 P(Six)=0.0000% P(Eight)=99.9995% top=' Eight'
L22+L23+L24+L25+L26 spider=0.60 ant=1.00 P(Six)=0.0001% P(Eight)=99.9993% top=' Eight'
L22+L23+L24+L25+L26 spider=0.60 ant=1.25 P(Six)=0.0001% P(Eight)=99.9993% top=' Eight'
L22+L23+L24+L25+L26 spider=0.60 ant=1.50 P(Six)=0.0001% P(Eight)=99.9994% top=' Eight'
L22+L23+L24+L25+L26 spider=0.60 ant=2.00 P(Six)=0.0001% P(Eight)=99.9994% top=' Eight'
L22+L23+L24+L25+L26 spider=0.60 ant=3.00 P(Six)=0.0002% P(Eight)=99.9990% top=' Eight'
L22+L23+L24+L25+L26 spider=0.80 ant=0.00 P(Six)=0.0001% P(Eight)=99.9995% top=' Eight'
L22+L23+L24+L25+L26 spider=0.80 ant=0.25 P(Six)=0.0001% P(Eight)=99.9995% top=' Eight'
L22+L23+L24+L25+L26 spider=0.80 ant=0.50 P(Six)=0.0001% P(Eight)=99.9995% top=' Eight'
L22+L23+L24+L25+L26 spider=0.80 ant=0.75 P(Six)=0.0001% P(Eight)=99.9994% top=' Eight'
L22+L23+L24+L25+L26 spider=0.80 ant=1.00 P(Six)=0.0002% P(Eight)=99.9993% top=' Eight'
L22+L23+L24+L25+L26 spider=0.80 ant=1.25 P(Six)=0.0002% P(Eight)=99.9993% top=' Eight'
L22+L23+L24+L25+L26 spider=0.80 ant=1.50 P(Six)=0.0003% P(Eight)=99.9993% top=' Eight'
L22+L23+L24+L25+L26 spider=0.80 ant=2.00 P(Six)=0.0005% P(Eight)=99.9990% top=' Eight'
L22+L23+L24+L25+L26 spider=0.80 ant=3.00 P(Six)=0.0008% P(Eight)=99.9985% top=' Eight'
L22+L23+L24+L25+L26 spider=1.00 ant=0.00 P(Six)=0.0006% P(Eight)=99.9988% top=' Eight'
L22+L23+L24+L25+L26 spider=1.00 ant=0.25 P(Six)=0.0006% P(Eight)=99.9990% top=' Eight'
L22+L23+L24+L25+L26 spider=1.00 ant=0.50 P(Six)=0.0008% P(Eight)=99.9987% top=' Eight'
L22+L23+L24+L25+L26 spider=1.00 ant=0.75 P(Six)=0.0010% P(Eight)=99.9983% top=' Eight'
L22+L23+L24+L25+L26 spider=1.00 ant=1.00 P(Six)=0.0013% P(Eight)=99.9980% top=' Eight'
L22+L23+L24+L25+L26 spider=1.00 ant=1.25 P(Six)=0.0021% P(Eight)=99.9972% top=' Eight'
L22+L23+L24+L25+L26 spider=1.00 ant=1.50 P(Six)=0.0028% P(Eight)=99.9964% top=' Eight'
L22+L23+L24+L25+L26 spider=1.00 ant=2.00 P(Six)=0.0045% P(Eight)=99.9946% top=' Eight'
L22+L23+L24+L25+L26 spider=1.00 ant=3.00 P(Six)=0.0075% P(Eight)=99.9915% top=' Eight'
Running cumulative window L22-L27...
L22+L23+L24+L25+L26+L27 spider=0.00 ant=0.00 P(Six)=0.0000% P(Eight)=99.9982% top=' Eight'
L22+L23+L24+L25+L26+L27 spider=0.00 ant=0.25 P(Six)=0.0000% P(Eight)=99.9982% top=' Eight'
L22+L23+L24+L25+L26+L27 spider=0.00 ant=0.50 P(Six)=0.0000% P(Eight)=99.9982% top=' Eight'
L22+L23+L24+L25+L26+L27 spider=0.00 ant=0.75 P(Six)=0.0000% P(Eight)=99.9982% top=' Eight'
L22+L23+L24+L25+L26+L27 spider=0.00 ant=1.00 P(Six)=0.0000% P(Eight)=99.9977% top=' Eight'
L22+L23+L24+L25+L26+L27 spider=0.00 ant=1.25 P(Six)=0.0000% P(Eight)=99.9982% top=' Eight'
L22+L23+L24+L25+L26+L27 spider=0.00 ant=1.50 P(Six)=0.0000% P(Eight)=99.9982% top=' Eight'
L22+L23+L24+L25+L26+L27 spider=0.00 ant=2.00 P(Six)=0.0000% P(Eight)=99.9978% top=' Eight'
L22+L23+L24+L25+L26+L27 spider=0.00 ant=3.00 P(Six)=0.0000% P(Eight)=99.9971% top=' Eight'
L22+L23+L24+L25+L26+L27 spider=0.20 ant=0.00 P(Six)=0.0000% P(Eight)=99.9986% top=' Eight'
L22+L23+L24+L25+L26+L27 spider=0.20 ant=0.25 P(Six)=0.0000% P(Eight)=99.9986% top=' Eight'
L22+L23+L24+L25+L26+L27 spider=0.20 ant=0.50 P(Six)=0.0000% P(Eight)=99.9989% top=' Eight'
L22+L23+L24+L25+L26+L27 spider=0.20 ant=0.75 P(Six)=0.0000% P(Eight)=99.9986% top=' Eight'
L22+L23+L24+L25+L26+L27 spider=0.20 ant=1.00 P(Six)=0.0000% P(Eight)=99.9986% top=' Eight'
L22+L23+L24+L25+L26+L27 spider=0.20 ant=1.25 P(Six)=0.0000% P(Eight)=99.9986% top=' Eight'
L22+L23+L24+L25+L26+L27 spider=0.20 ant=1.50 P(Six)=0.0000% P(Eight)=99.9986% top=' Eight'
L22+L23+L24+L25+L26+L27 spider=0.20 ant=2.00 P(Six)=0.0000% P(Eight)=99.9986% top=' Eight'
L22+L23+L24+L25+L26+L27 spider=0.20 ant=3.00 P(Six)=0.0000% P(Eight)=99.9982% top=' Eight'
L22+L23+L24+L25+L26+L27 spider=0.40 ant=0.00 P(Six)=0.0000% P(Eight)=99.9991% top=' Eight'
L22+L23+L24+L25+L26+L27 spider=0.40 ant=0.25 P(Six)=0.0000% P(Eight)=99.9991% top=' Eight'
L22+L23+L24+L25+L26+L27 spider=0.40 ant=0.50 P(Six)=0.0000% P(Eight)=99.9991% top=' Eight'
L22+L23+L24+L25+L26+L27 spider=0.40 ant=0.75 P(Six)=0.0000% P(Eight)=99.9993% top=' Eight'
L22+L23+L24+L25+L26+L27 spider=0.40 ant=1.00 P(Six)=0.0000% P(Eight)=99.9991% top=' Eight'
L22+L23+L24+L25+L26+L27 spider=0.40 ant=1.25 P(Six)=0.0000% P(Eight)=99.9991% top=' Eight'
L22+L23+L24+L25+L26+L27 spider=0.40 ant=1.50 P(Six)=0.0000% P(Eight)=99.9991% top=' Eight'
L22+L23+L24+L25+L26+L27 spider=0.40 ant=2.00 P(Six)=0.0001% P(Eight)=99.9991% top=' Eight'
L22+L23+L24+L25+L26+L27 spider=0.40 ant=3.00 P(Six)=0.0001% P(Eight)=99.9989% top=' Eight'
L22+L23+L24+L25+L26+L27 spider=0.60 ant=0.00 P(Six)=0.0000% P(Eight)=99.9994% top=' Eight'
L22+L23+L24+L25+L26+L27 spider=0.60 ant=0.25 P(Six)=0.0000% P(Eight)=99.9994% top=' Eight'
L22+L23+L24+L25+L26+L27 spider=0.60 ant=0.50 P(Six)=0.0001% P(Eight)=99.9994% top=' Eight'
L22+L23+L24+L25+L26+L27 spider=0.60 ant=0.75 P(Six)=0.0001% P(Eight)=99.9994% top=' Eight'
L22+L23+L24+L25+L26+L27 spider=0.60 ant=1.00 P(Six)=0.0001% P(Eight)=99.9992% top=' Eight'
L22+L23+L24+L25+L26+L27 spider=0.60 ant=1.25 P(Six)=0.0001% P(Eight)=99.9992% top=' Eight'
L22+L23+L24+L25+L26+L27 spider=0.60 ant=1.50 P(Six)=0.0001% P(Eight)=99.9992% top=' Eight'
L22+L23+L24+L25+L26+L27 spider=0.60 ant=2.00 P(Six)=0.0001% P(Eight)=99.9992% top=' Eight'
L22+L23+L24+L25+L26+L27 spider=0.60 ant=3.00 P(Six)=0.0002% P(Eight)=99.9990% top=' Eight'
L22+L23+L24+L25+L26+L27 spider=0.80 ant=0.00 P(Six)=0.0001% P(Eight)=99.9993% top=' Eight'
L22+L23+L24+L25+L26+L27 spider=0.80 ant=0.25 P(Six)=0.0001% P(Eight)=99.9993% top=' Eight'
L22+L23+L24+L25+L26+L27 spider=0.80 ant=0.50 P(Six)=0.0002% P(Eight)=99.9992% top=' Eight'
L22+L23+L24+L25+L26+L27 spider=0.80 ant=0.75 P(Six)=0.0002% P(Eight)=99.9992% top=' Eight'
L22+L23+L24+L25+L26+L27 spider=0.80 ant=1.00 P(Six)=0.0003% P(Eight)=99.9992% top=' Eight'
L22+L23+L24+L25+L26+L27 spider=0.80 ant=1.25 P(Six)=0.0004% P(Eight)=99.9990% top=' Eight'
L22+L23+L24+L25+L26+L27 spider=0.80 ant=1.50 P(Six)=0.0006% P(Eight)=99.9987% top=' Eight'
L22+L23+L24+L25+L26+L27 spider=0.80 ant=2.00 P(Six)=0.0008% P(Eight)=99.9984% top=' Eight'
L22+L23+L24+L25+L26+L27 spider=0.80 ant=3.00 P(Six)=0.0013% P(Eight)=99.9976% top=' Eight'
L22+L23+L24+L25+L26+L27 spider=1.00 ant=0.00 P(Six)=0.0017% P(Eight)=99.9973% top=' Eight'
L22+L23+L24+L25+L26+L27 spider=1.00 ant=0.25 P(Six)=0.0013% P(Eight)=99.9980% top=' Eight'
L22+L23+L24+L25+L26+L27 spider=1.00 ant=0.50 P(Six)=0.0013% P(Eight)=99.9979% top=' Eight'
L22+L23+L24+L25+L26+L27 spider=1.00 ant=0.75 P(Six)=0.0017% P(Eight)=99.9975% top=' Eight'
L22+L23+L24+L25+L26+L27 spider=1.00 ant=1.00 P(Six)=0.0028% P(Eight)=99.9959% top=' Eight'
L22+L23+L24+L25+L26+L27 spider=1.00 ant=1.25 P(Six)=0.0028% P(Eight)=99.9964% top=' Eight'
L22+L23+L24+L25+L26+L27 spider=1.00 ant=1.50 P(Six)=0.0058% P(Eight)=99.9928% top=' Eight'
L22+L23+L24+L25+L26+L27 spider=1.00 ant=2.00 P(Six)=0.0058% P(Eight)=99.9928% top=' Eight'
L22+L23+L24+L25+L26+L27 spider=1.00 ant=3.00 P(Six)=0.0123% P(Eight)=99.9863% top=' Eight'
{
  "baseline_p_eight": 0.999982476234436,
  "eligible_ant_layers": [
    22,
    27
  ],
  "spider_only_layers": [
    23,
    24,
    25,
    26
  ],
  "full_window_saturated": false,
  "full_window_maximum": {
    "scope": "L22-L27",
    "spider_suppression": 1.0,
    "ant_factor": 3.0,
    "success": false,
    "top_token": " Eight",
    "p_six": 0.00012339292152319103,
    "p_eight": 0.9998631477355957,
    "p_four": 1.3005517757846974e-05
  },
  "json": "results/spider_ant_depth_window_sweep/spider_ant_depth_window_sweep.json",
  "csv": "results/spider_ant_depth_window_sweep/spider_ant_depth_window_sweep.csv"
}
