[transformers] `torch_dtype` is deprecated! Use `dtype` instead!
Loaded 3 encoder/decoder row pairs from L7
Loaded 4 encoder/decoder row pairs from L22
Loading pinned google/gemma-3-4b-it with eager attention

Loading weights:   0%|          | 0/883 [00:00<?, ?it/s]
Loading weights:   0%|          | 1/883 [00:02<39:57,  2.72s/it]
Loading weights:   0%|          | 4/883 [00:03<09:13,  1.59it/s]
Loading weights:   1%|▏         | 13/883 [00:03<02:19,  6.23it/s]
Loading weights:   2%|▏         | 17/883 [00:03<02:04,  6.93it/s]
Loading weights:   3%|▎         | 28/883 [00:04<01:03, 13.51it/s]
Loading weights:   4%|▎         | 31/883 [00:04<01:10, 12.15it/s]
Loading weights:   4%|▍         | 39/883 [00:04<00:50, 16.64it/s]
Loading weights:   5%|▍         | 44/883 [00:04<00:45, 18.58it/s]
Loading weights:   6%|▌         | 52/883 [00:04<00:32, 25.84it/s]
Loading weights:   6%|▋         | 57/883 [00:05<00:33, 24.69it/s]
Loading weights:   8%|▊         | 68/883 [00:05<00:21, 37.52it/s]
Loading weights:   8%|▊         | 74/883 [00:05<00:22, 36.23it/s]
Loading weights:   9%|▉         | 79/883 [00:05<00:22, 36.14it/s]
Loading weights:  10%|▉         | 84/883 [00:05<00:25, 31.94it/s]
Loading weights:  10%|█         | 91/883 [00:05<00:21, 37.08it/s]
Loading weights:  11%|█         | 96/883 [00:06<00:35, 22.03it/s]
Loading weights:  12%|█▏        | 107/883 [00:06<00:25, 30.19it/s]
Loading weights:  13%|█▎        | 112/883 [00:06<00:27, 28.23it/s]
Loading weights:  14%|█▎        | 120/883 [00:06<00:22, 33.69it/s]
Loading weights:  14%|█▍        | 125/883 [00:07<00:24, 30.64it/s]
Loading weights:  15%|█▌        | 133/883 [00:07<00:23, 32.27it/s]
Loading weights:  16%|█▌        | 137/883 [00:07<00:26, 27.95it/s]
Loading weights:  16%|█▌        | 143/883 [00:07<00:27, 26.88it/s]
Loading weights:  17%|█▋        | 147/883 [00:08<00:38, 19.02it/s]
Loading weights:  17%|█▋        | 151/883 [00:08<00:33, 21.71it/s]
Loading weights:  18%|█▊        | 160/883 [00:08<00:22, 31.51it/s]
Loading weights:  19%|█▊        | 165/883 [00:08<00:26, 26.89it/s]
Loading weights:  19%|█▉        | 169/883 [00:08<00:24, 28.79it/s]
Loading weights:  20%|█▉        | 173/883 [00:09<00:29, 23.75it/s]
Loading weights:  20%|█▉        | 176/883 [00:09<00:40, 17.29it/s]
Loading weights:  21%|██        | 185/883 [00:09<00:28, 24.89it/s]
Loading weights:  21%|██▏       | 189/883 [00:09<00:32, 21.18it/s]
Loading weights:  22%|██▏       | 198/883 [00:10<00:24, 28.01it/s]
Loading weights:  23%|██▎       | 202/883 [00:10<00:25, 26.31it/s]
Loading weights:  24%|██▎       | 208/883 [00:10<00:22, 30.63it/s]
Loading weights:  24%|██▍       | 212/883 [00:10<00:30, 21.93it/s]
Loading weights:  25%|██▌       | 224/883 [00:10<00:19, 33.36it/s]
Loading weights:  26%|██▌       | 229/883 [00:11<00:24, 27.23it/s]
Loading weights:  27%|██▋       | 237/883 [00:11<00:23, 28.02it/s]
Loading weights:  27%|██▋       | 241/883 [00:11<00:26, 24.63it/s]
Loading weights:  28%|██▊       | 249/883 [00:12<00:22, 28.07it/s]
Loading weights:  29%|██▊       | 253/883 [00:12<00:25, 24.74it/s]
Loading weights:  29%|██▉       | 258/883 [00:12<00:21, 28.55it/s]
Loading weights:  30%|██▉       | 263/883 [00:12<00:24, 25.49it/s]
Loading weights:  30%|███       | 266/883 [00:12<00:27, 22.71it/s]
Loading weights:  31%|███▏      | 276/883 [00:13<00:21, 28.12it/s]
Loading weights:  32%|███▏      | 279/883 [00:13<00:24, 24.71it/s]
Loading weights:  33%|███▎      | 287/883 [00:13<00:25, 23.71it/s]
Loading weights:  33%|███▎      | 290/883 [00:13<00:28, 21.14it/s]
Loading weights:  33%|███▎      | 293/883 [00:13<00:28, 20.74it/s]
Loading weights:  34%|███▍      | 303/883 [00:14<00:20, 28.17it/s]
Loading weights:  35%|███▍      | 308/883 [00:14<00:18, 30.80it/s]
Loading weights:  35%|███▌      | 313/883 [00:14<00:24, 23.62it/s]
Loading weights:  36%|███▌      | 317/883 [00:14<00:27, 20.46it/s]
Loading weights:  37%|███▋      | 326/883 [00:15<00:18, 29.73it/s]
Loading weights:  37%|███▋      | 330/883 [00:15<00:24, 22.33it/s]
Loading weights:  39%|███▊      | 341/883 [00:15<00:18, 29.47it/s]
Loading weights:  39%|███▉      | 345/883 [00:15<00:22, 24.26it/s]
Loading weights:  40%|████      | 354/883 [00:16<00:21, 24.29it/s]
Loading weights:  40%|████      | 357/883 [00:16<00:23, 22.00it/s]
Loading weights:  41%|████▏     | 365/883 [00:16<00:17, 29.16it/s]
Loading weights:  42%|████▏     | 369/883 [00:17<00:27, 18.66it/s]
Loading weights:  43%|████▎     | 380/883 [00:17<00:24, 20.69it/s]
Loading weights:  43%|████▎     | 383/883 [00:17<00:24, 20.46it/s]
Loading weights:  45%|████▍     | 393/883 [00:18<00:22, 21.32it/s]
Loading weights:  45%|████▍     | 396/883 [00:18<00:29, 16.30it/s]
Loading weights:  46%|████▌     | 406/883 [00:18<00:21, 22.27it/s]
Loading weights:  46%|████▋     | 409/883 [00:19<00:23, 20.16it/s]
Loading weights:  47%|████▋     | 417/883 [00:19<00:18, 25.60it/s]
Loading weights:  48%|████▊     | 421/883 [00:19<00:27, 17.00it/s]
Loading weights:  49%|████▉     | 432/883 [00:20<00:22, 19.69it/s]
Loading weights:  49%|████▉     | 435/883 [00:20<00:23, 19.06it/s]
Loading weights:  51%|█████     | 449/883 [00:20<00:13, 32.10it/s]
Loading weights:  52%|█████▏    | 455/883 [00:20<00:12, 33.63it/s]
Loading weights:  54%|█████▎    | 473/883 [00:20<00:07, 54.93it/s]
Loading weights:  55%|█████▍    | 485/883 [00:20<00:06, 62.43it/s]
Loading weights:  56%|█████▌    | 493/883 [00:21<00:06, 63.53it/s]
Loading weights:  57%|█████▋    | 502/883 [00:21<00:06, 62.16it/s]
Loading weights:  59%|█████▉    | 519/883 [00:21<00:04, 84.37it/s]
Loading weights:  60%|█████▉    | 529/883 [00:21<00:04, 87.70it/s]
Loading weights:  61%|██████    | 539/883 [00:21<00:04, 81.46it/s]
Loading weights:  62%|██████▏   | 551/883 [00:21<00:04, 81.96it/s]
Loading weights:  63%|██████▎   | 560/883 [00:21<00:04, 77.19it/s]
Loading weights:  64%|██████▍   | 569/883 [00:22<00:04, 68.18it/s]
Loading weights:  66%|██████▌   | 582/883 [00:22<00:04, 62.37it/s]
Loading weights:  68%|██████▊   | 600/883 [00:22<00:03, 80.19it/s]
Loading weights:  70%|██████▉   | 614/883 [00:22<00:03, 81.23it/s]
Loading weights:  71%|███████   | 629/883 [00:22<00:02, 91.87it/s]
Loading weights:  72%|███████▏  | 639/883 [00:22<00:02, 91.58it/s]
Loading weights:  73%|███████▎  | 649/883 [00:22<00:02, 85.14it/s]
Loading weights:  75%|███████▍  | 661/883 [00:23<00:02, 83.78it/s]
Loading weights:  76%|███████▌  | 670/883 [00:23<00:02, 74.28it/s]
Loading weights:  77%|███████▋  | 678/883 [00:23<00:03, 61.07it/s]
Loading weights:  79%|███████▊  | 695/883 [00:23<00:02, 75.81it/s]
Loading weights:  80%|███████▉  | 703/883 [00:23<00:02, 72.85it/s]
Loading weights:  81%|████████  | 711/883 [00:23<00:02, 73.98it/s]
Loading weights:  81%|████████▏ | 719/883 [00:23<00:02, 68.12it/s]
Loading weights:  82%|████████▏ | 727/883 [00:24<00:02, 62.78it/s]
Loading weights:  84%|████████▍ | 743/883 [00:24<00:01, 71.59it/s]
Loading weights:  86%|████████▌ | 759/883 [00:24<00:01, 86.11it/s]
Loading weights:  87%|████████▋ | 768/883 [00:24<00:01, 85.39it/s]
Loading weights:  88%|████████▊ | 777/883 [00:24<00:01, 65.92it/s]
Loading weights:  90%|████████▉ | 791/883 [00:24<00:01, 69.23it/s]
Loading weights:  90%|█████████ | 799/883 [00:25<00:01, 61.44it/s]
Loading weights:  91%|█████████▏| 806/883 [00:25<00:01, 62.67it/s]
Loading weights:  92%|█████████▏| 813/883 [00:25<00:01, 59.51it/s]
Loading weights:  93%|█████████▎| 823/883 [00:25<00:00, 60.35it/s]
Loading weights:  95%|█████████▌| 839/883 [00:25<00:00, 80.25it/s]
Loading weights:  96%|█████████▌| 849/883 [00:25<00:00, 84.75it/s]
Loading weights:  98%|█████████▊| 861/883 [00:25<00:00, 91.98it/s]
Loading weights:  99%|█████████▊| 871/883 [00:26<00:00, 79.16it/s]
Loading weights: 100%|██████████| 883/883 [00:26<00:00, 33.87it/s]
Running clean trajectory
Running full L7+L22 intervention trajectory
L22: ||delta h||=9042.205, cosine=0.972904; clean=[ spider,  spiders,  Spider, Spider, spider] -> edited=[ spiders,  ants,  spider,  insects,  Spider]
L23: ||delta h||=9859.811, cosine=0.969640; clean=[ spider,  spiders,  Spider, Spider, spider] -> edited=[ ants,  spiders,  spider,  insects,  bacteria]
L24: ||delta h||=11117.812, cosine=0.963969; clean=[ spider,  spiders,  Spider, spider, Spider] -> edited=[ ants,  spiders,  spider,  Ants,  lizards]
L25: ||delta h||=12760.971, cosine=0.961518; clean=[ spider,  spiders,  Spider, spider, Spider] -> edited=[ ants,  spiders,  spider,  Ants,  insects]
L26: ||delta h||=14547.683, cosine=0.962051; clean=[ spider,  spiders,  Spider, spider, Spider] -> edited=[ ants,  spider,  spiders,  insect,  ant]
L27: ||delta h||=15624.973, cosine=0.960849; clean=[ spider,  Spider,  spiders, spider, Spider] -> edited=[ spider,  ants,  spiders,  Spider,  ant]
L28: ||delta h||=17775.682, cosine=0.963404; clean=[ spider,  Spider,  spiders, spider, Spider] -> edited=[ spider,  ants,  ant,  spiders,  wasp]
L29: ||delta h||=19607.865, cosine=0.959564; clean=[ spider,  Spider,  spiders, spider, Spider] -> edited=[ spider,  ants,  ant,  termite,  wasp]
L30: ||delta h||=22362.832, cosine=0.947344; clean=[ spider,  spiders,  Spider, spider, Spider] -> edited=[ spider,  termite,  wasp,  ants,  insect]
L31: ||delta h||=22879.377, cosine=0.949306; clean=[ spider,  Spider,  spiders, spider,  insect] -> edited=[ spider,  termite,  wasp,  insect,  ants]
L32: ||delta h||=22847.713, cosine=0.947523; clean=[ spider,  insect,  Spider,  beetle,  crab] -> edited=[ wasp,  spider,  termite,  insect,  bee]
L33: ||delta h||=22736.584, cosine=0.849504; clean=[ spider,  Spider,  insect,  arach,  beetle] -> edited=[ wasp,  termite,  spider,  bee,  insect]
Finished: P(Six)=95.222110%, P(Eight)=4.740829%.
Saved results to results/sae_jlens_p16_downstream
